<app-route
	bindRouter
	element="page-module"
	onUrlChange="updateModel"
	path="/module"></app-route>

<script>
	Polymer({});
</script>
